// Jest Snapshot v1, https://goo.gl/fbAQLP

exports[`Video Item screen Renders correctly 1`] = `
<View
  style={
    Object {
      "flex": 1,
    }
  }
>
  <View
    style={
      Array [
        Object {},
      ]
    }
  >
    <Image
      source={
        Object {
          "uri": "https://raw.githubusercontent.com/XiteTV/frontend-coding-exercise/679a82b1e7110c16e14412f1debaa118c10078a9/images/501437/images/app/w522_h292.jpg",
        }
      }
      style={
        Array [
          Object {
            "height": 300,
            "width": 750,
          },
        ]
      }
      testID="test_video_item_image"
    />
    <View
      style={
        Array [
          Object {
            "alignItems": "center",
            "marginBottom": 10,
            "marginLeft": 10,
            "marginRight": 10,
            "marginTop": 10,
          },
        ]
      }
    >
      <Text
        style={
          Array [
            Object {
              "fontSize": 20,
              "fontWeight": "bold",
            },
          ]
        }
      >
        All In
      </Text>
      <Text
        style={
          Array [
            Object {
              "fontSize": 17,
            },
          ]
        }
      >
        Pants Velour
      </Text>
      <Text
        style={
          Array [
            Object {
              "backgroundColor": "#555",
              "color": "#fff",
              "fontWeight": "bold",
              "marginBottom": 10,
              "marginLeft": 0,
              "marginRight": 0,
              "marginTop": 10,
              "paddingBottom": 5,
              "paddingLeft": 10,
              "paddingRight": 10,
              "paddingTop": 5,
            },
          ]
        }
      >
        2014
      </Text>
      <Text
        style={
          Array [
            Object {
              "fontWeight": "bold",
            },
          ]
        }
      />
    </View>
  </View>
</View>
`;
