// Jest Snapshot v1, https://goo.gl/fbAQLP

exports[`Application renders correctly 1`] = `
<View
  style={
    Object {
      "flex": 1,
    }
  }
>
  <RNCSafeAreaProvider
    onInsetsChange={[Function]}
    style={
      Array [
        Object {
          "flex": 1,
        },
        undefined,
      ]
    }
  >
    <RNSScreenStack
      style={
        Object {
          "flex": 1,
        }
      }
    >
      <RNSScreen
        collapsable={false}
        forwardedRef={[Function]}
        nativeID="animatedComponent"
        onAppear={[Function]}
        onDisappear={[Function]}
        onDismissed={[Function]}
        onWillDisappear={[Function]}
        replaceAnimation="push"
        stackPresentation="push"
        style={
          Object {
            "bottom": 0,
            "left": 0,
            "position": "absolute",
            "right": 0,
            "top": 0,
          }
        }
      >
        <RNSScreenStackHeaderConfig
          backButtonInCustomView={false}
          backgroundColor="rgb(255, 255, 255)"
          color="rgb(0, 122, 255)"
          direction="ltr"
          disableBackButtonMenu={false}
          hidden={false}
          hideBackButton={false}
          hideShadow={false}
          largeTitleHideShadow={false}
          title="Videos"
          titleColor="rgb(28, 28, 30)"
          topInsetEnabled={false}
          translucent={false}
        />
        <View
          style={
            Array [
              Object {
                "flex": 1,
              },
              Object {
                "backgroundColor": "rgb(242, 242, 242)",
              },
              undefined,
            ]
          }
        >
          <View
            style={
              Array [
                Object {
                  "alignItems": "center",
                  "height": 1334,
                  "justifyContent": "center",
                },
              ]
            }
          >
            <Text
              style={
                Array [
                  Object {
                    "color": "red",
                    "fontSize": 15,
                    "fontWeight": "bold",
                    "textAlign": "center",
                  },
                ]
              }
            >
              Something went wrong...
            </Text>
            <View
              accessible={true}
              collapsable={false}
              focusable={true}
              nativeID="animatedComponent"
              onClick={[Function]}
              onResponderGrant={[Function]}
              onResponderMove={[Function]}
              onResponderRelease={[Function]}
              onResponderTerminate={[Function]}
              onResponderTerminationRequest={[Function]}
              onStartShouldSetResponder={[Function]}
              style={
                Object {
                  "alignItems": "center",
                  "backgroundColor": "transparent",
                  "borderColor": "transparent",
                  "borderRadius": 4,
                  "borderWidth": 1,
                  "flexDirection": "row",
                  "justifyContent": "center",
                  "minHeight": 40,
                  "minWidth": 40,
                  "opacity": 1,
                  "paddingHorizontal": 10,
                  "paddingVertical": 12,
                }
              }
            >
              <Text
                appearance="default"
                category="p1"
                style={
                  Array [
                    Object {
                      "color": "#222B45",
                      "fontFamily": "System",
                      "fontSize": 15,
                      "fontWeight": "400",
                    },
                    Object {
                      "color": "#3366FF",
                      "fontFamily": "System",
                      "fontSize": 14,
                      "fontWeight": "bold",
                      "marginHorizontal": 10,
                    },
                  ]
                }
              >
                Try again
              </Text>
            </View>
          </View>
        </View>
      </RNSScreen>
    </RNSScreenStack>
  </RNCSafeAreaProvider>
</View>
`;
